<?php
/**
 * This file is generated. Do not modify it manually!
 *
 * This file was generated by:
 *   php artisan make:enum LanguagesEnum --table=languages --id=id --slug=name --value=id,name,region
 * If there is a newer version, run:
 *   php artisan make:enum LanguagesEnum --table=languages --id=id --slug=name --value=id,name,region --force
 */

namespace App\Enums;

class LanguagesEnum
{
    public const SLOVENCINA = 1;
    public const CESTINA = 2;
    public const AFRICA_AND_MIDDLE_EAST = 3;
    public const AMERICAS = 4;

    public static function map(): array
    {
        return [
            static::SLOVENCINA => [
                'id' => 1,
                'name' => 'Slovenčina',
                'region' => 'Eastern Europe',
            ],
            static::CESTINA => [
                'id' => 2,
                'name' => 'Čeština',
                'region' => 'Eastern Europe',
            ],
            static::AFRICA_AND_MIDDLE_EAST => [
                'id' => 3,
                'name' => 'Africa and Middle East',
                'region' => 'Afrikaans',
            ],
            static::AMERICAS => [
                'id' => 4,
                'name' => 'Americas',
                'region' => 'English (US)',
            ],
        ];
    }
}
