<?php
/**
 * This file is generated. Do not modify it manually!
 *
 * This file was generated by:
 *   php artisan make:enum UserRoleTypes --model=dobron\LaravelDatabaseEnum\Model\UserRole --id=id --slug=slug --value=name
 * If there is a newer version, run:
 *   php artisan make:enum UserRoleTypes --model=dobron\LaravelDatabaseEnum\Model\UserRole --id=id --slug=slug --value=name --force
 */

namespace App\Enums;

class UserRoleTypes
{
    public const MANAGER = 1;
    public const CONTENT_CREATOR = 2;
    public const MODERATOR = 3;
    public const ADVERTISER = 4;
    public const INSIGHTS_ANALYST = 5;

    public static function map(): array
    {
        return [
            static::MANAGER => 'Admin',
            static::CONTENT_CREATOR => 'Editor',
            static::MODERATOR => 'Moderator',
            static::ADVERTISER => 'Advertiser',
            static::INSIGHTS_ANALYST => 'Analyst',
        ];
    }
}
